// Vitest Snapshot v1, https://vitest.dev/guide/snapshot.html

exports[`Render > should render 1`] = `
<div>
  <form
    data-hook="test-form"
    novalidate=""
  >
    <div
      data-hook="field_one_name"
    >
      <input
        data-hook="input-field_one_name"
        name="field_one_name"
        value=""
      />
      <div
        data-hook="state-props"
      >
        <span
          data-hook="field_state_initialValue"
        >
          undefined
        </span>
        <span
          data-hook="field_state_isActive"
        >
          false
        </span>
        <span
          data-hook="field_state_isDirty"
        >
          false
        </span>
        <span
          data-hook="field_state_isTouched"
        >
          false
        </span>
        <span
          data-hook="field_state_isChanged"
        >
          false
        </span>
        <span
          data-hook="field_state_isValidating"
        >
          false
        </span>
        <span
          data-hook="field_state_isMounted"
        >
          true
        </span>
        <span
          data-hook="form_state_isValidating"
        >
          false
        </span>
        <span
          data-hook="form_state_isSubmitting"
        >
          false
        </span>
        <span
          data-hook="form_state_submitCount"
        >
          0
        </span>
        <span
          data-hook="form_state_isValid"
        >
          true
        </span>
        <span
          data-hook="form_state_isDirty"
        >
          false
        </span>
        <span
          data-hook="form_state_isTouched"
        >
          false
        </span>
        <span
          data-hook="form_state_isChanged"
        >
          false
        </span>
      </div>
      <span
        data-hook="validate-field"
      />
      <span
        data-hook="validate"
      />
    </div>
    <div
      data-hook="root.field.nested"
    >
      <input
        data-hook="input-root.field.nested"
        name="root.field.nested"
        value=""
      />
      <div
        data-hook="state-props"
      >
        <span
          data-hook="field_state_initialValue"
        >
          undefined
        </span>
        <span
          data-hook="field_state_isActive"
        >
          false
        </span>
        <span
          data-hook="field_state_isDirty"
        >
          false
        </span>
        <span
          data-hook="field_state_isTouched"
        >
          false
        </span>
        <span
          data-hook="field_state_isChanged"
        >
          false
        </span>
        <span
          data-hook="field_state_isValidating"
        >
          false
        </span>
        <span
          data-hook="field_state_isMounted"
        >
          true
        </span>
        <span
          data-hook="form_state_isValidating"
        >
          false
        </span>
        <span
          data-hook="form_state_isSubmitting"
        >
          false
        </span>
        <span
          data-hook="form_state_submitCount"
        >
          0
        </span>
        <span
          data-hook="form_state_isValid"
        >
          true
        </span>
        <span
          data-hook="form_state_isDirty"
        >
          false
        </span>
        <span
          data-hook="form_state_isTouched"
        >
          false
        </span>
        <span
          data-hook="form_state_isChanged"
        >
          false
        </span>
      </div>
      <span
        data-hook="validate-field"
      />
      <span
        data-hook="validate"
      />
    </div>
    <div
      data-hook="form-values"
    >
      {"root":{"field":{}}}
    </div>
    <button
      type="submit"
    >
      Submit
    </button>
  </form>
</div>
`;
