// Jest Snapshot v1, https://goo.gl/fbAQLP

exports[`Render should render 1`] = `
<div>
  <form
    data-hook="test-form"
    novalidate=""
  >
    <div
      data-hook="field_one_name"
    >
      <input
        data-hook="input-field_one_name"
        name="field_one_name"
        value=""
      />
      <div
        data-hook="meta-props"
      >
        <span
          data-hook="meta_errors"
        >
          null
        </span>
        <span
          data-hook="meta_initialValue"
        >
          undefined
        </span>
        <span
          data-hook="meta_isActive"
        >
          false
        </span>
        <span
          data-hook="meta_isDirty"
        >
          false
        </span>
        <span
          data-hook="meta_isTouched"
        >
          false
        </span>
        <span
          data-hook="meta_isChanged"
        >
          false
        </span>
        <span
          data-hook="meta_isValidating"
        >
          false
        </span>
        <span
          data-hook="meta_form:isSubmitting"
        >
          false
        </span>
        <span
          data-hook="meta_form:isValidating"
        >
          false
        </span>
        <span
          data-hook="meta_form:isValid"
        >
          true
        </span>
        <span
          data-hook="meta_form:isDirty"
        >
          false
        </span>
        <span
          data-hook="meta_form:isTouched"
        >
          false
        </span>
        <span
          data-hook="meta_form:isChanged"
        >
          false
        </span>
        <span
          data-hook="meta_form:submitCount"
        >
          0
        </span>
      </div>
      <span
        data-hook="set-custom-state"
      />
      <span
        data-hook="callback"
      />
      <span
        data-hook="validate"
      />
    </div>
    <div
      data-hook="field_two_name"
    >
      <input
        data-hook="input-field_two_name"
        name="field_two_name"
        value=""
      />
      <div
        data-hook="meta-props"
      >
        <span
          data-hook="meta_errors"
        >
          null
        </span>
        <span
          data-hook="meta_initialValue"
        >
          undefined
        </span>
        <span
          data-hook="meta_isActive"
        >
          false
        </span>
        <span
          data-hook="meta_isDirty"
        >
          false
        </span>
        <span
          data-hook="meta_isTouched"
        >
          false
        </span>
        <span
          data-hook="meta_isChanged"
        >
          false
        </span>
        <span
          data-hook="meta_isValidating"
        >
          false
        </span>
        <span
          data-hook="meta_form:isSubmitting"
        >
          false
        </span>
        <span
          data-hook="meta_form:isValidating"
        >
          false
        </span>
        <span
          data-hook="meta_form:isValid"
        >
          true
        </span>
        <span
          data-hook="meta_form:isDirty"
        >
          false
        </span>
        <span
          data-hook="meta_form:isTouched"
        >
          false
        </span>
        <span
          data-hook="meta_form:isChanged"
        >
          false
        </span>
        <span
          data-hook="meta_form:submitCount"
        >
          0
        </span>
      </div>
      <span
        data-hook="set-custom-state"
      />
      <span
        data-hook="callback"
      />
      <span
        data-hook="validate"
      />
    </div>
    <div
      data-hook="form-values"
    >
      {}
    </div>
    <button
      type="submit"
    >
      Submit
    </button>
  </form>
</div>
`;
